pgrep: pattern that searches for process name longer than 15 characters will result in zero matches
Try `pgrep -f' option to match against the complete command line.

===== [08:00:05] 生成 M1_current  U=0.2 → /home/lxtuni/run/hull_M1_current_U02 =====
        Surface is closed. All edges connected to two faces.
    [0;32m    OK  blockMesh 通过：背景网格 18480 个单元[0m

===== [08:00:08] 跑 /home/lxtuni/run/hull_M1_current_U02（网格 ~10 min，求解 1500 步 LTS ~20 min） =====
    网格：Snapped mesh : cells:231565  faces:740095  points:279446
      摩擦阻力 (Reibungswiderstand)                -0.005 N    43.0%
    ----------------------------------------------------
      总阻力 (Gesamtwiderstand)                   -0.011 N
    ====================================================
    
    收敛诊断（尾段窗口）：峰峰值 17.2%，前后半段均值漂移 +11.0%
      → 均值还在漂移，没收敛。把 endTime 加大再跑，或检查库朗数。
    
    提示：DTCHull 是沿中纵剖面切开的半船模型。要整船阻力加 --full-ship。
    
    收敛曲线已存: /home/lxtuni/run/hull_M1_current_U02/resistance.png
    看图：  explorer.exe .   然后双击 resistance.png
    用时：ExecutionTime = 970.3 s  ClockTime = 971 s

===== [08:17:47] 生成 M2_roundbottom  U=0.2 → /home/lxtuni/run/hull_M2_roundbottom_U02 =====
        Surface is closed. All edges connected to two faces.
    [0;32m    OK  blockMesh 通过：背景网格 18480 个单元[0m

===== [08:17:50] 跑 /home/lxtuni/run/hull_M2_roundbottom_U02（网格 ~10 min，求解 1500 步 LTS ~20 min） =====
    网格：Snapped mesh : cells:228878  faces:729122  points:273363
    ----------------------------------------------------
      总阻力 (Gesamtwiderstand)                   -0.010 N
    ====================================================
    
    收敛诊断（尾段窗口）：峰峰值 16.2%，前后半段均值漂移 -0.6%
      → 均值稳定但在振荡（钝头体尾流脱涡的典型表现）。取窗口平均值即可，
        想更准就把 endTime 延长、让窗口覆盖更多个振荡周期。
    
    提示：DTCHull 是沿中纵剖面切开的半船模型。要整船阻力加 --full-ship。
    
    收敛曲线已存: /home/lxtuni/run/hull_M2_roundbottom_U02/resistance.png
    看图：  explorer.exe .   然后双击 resistance.png
    用时：ExecutionTime = 880.58 s  ClockTime = 881 s

===== [08:33:54] 生成 M3_streamlined  U=0.2 → /home/lxtuni/run/hull_M3_streamlined_U02 =====
        Surface is closed. All edges connected to two faces.
    [0;32m    OK  blockMesh 通过：背景网格 18480 个单元[0m

===== [08:33:57] 跑 /home/lxtuni/run/hull_M3_streamlined_U02（网格 ~10 min，求解 1500 步 LTS ~20 min） =====
    网格：Snapped mesh : cells:232082  faces:738259  points:276507
      摩擦阻力 (Reibungswiderstand)                -0.004 N    54.8%
    ----------------------------------------------------
      总阻力 (Gesamtwiderstand)                   -0.008 N
    ====================================================
    
    收敛诊断（尾段窗口）：峰峰值 27.6%，前后半段均值漂移 +21.1%
      → 均值还在漂移，没收敛。把 endTime 加大再跑，或检查库朗数。
    
    提示：DTCHull 是沿中纵剖面切开的半船模型。要整船阻力加 --full-ship。
    
    收敛曲线已存: /home/lxtuni/run/hull_M3_streamlined_U02/resistance.png
    看图：  explorer.exe .   然后双击 resistance.png
    用时：ExecutionTime = 930.79 s  ClockTime = 930 s

===== [08:50:53] 生成 M1_current  U=0.1 → /home/lxtuni/run/hull_M1_current_U01 =====
        Surface is closed. All edges connected to two faces.
    [0;32m    OK  blockMesh 通过：背景网格 18480 个单元[0m

===== [08:50:55] 跑 /home/lxtuni/run/hull_M1_current_U01（网格 ~10 min，求解 1500 步 LTS ~20 min） =====
    网格：Snapped mesh : cells:231565  faces:740095  points:279446
    ----------------------------------------------------
      总阻力 (Gesamtwiderstand)                   -0.003 N
    ====================================================
    
    收敛诊断（尾段窗口）：峰峰值 16.9%，前后半段均值漂移 +0.9%
      → 均值稳定但在振荡（钝头体尾流脱涡的典型表现）。取窗口平均值即可，
        想更准就把 endTime 延长、让窗口覆盖更多个振荡周期。
    
    提示：DTCHull 是沿中纵剖面切开的半船模型。要整船阻力加 --full-ship。
    
    收敛曲线已存: /home/lxtuni/run/hull_M1_current_U01/resistance.png
    看图：  explorer.exe .   然后双击 resistance.png
    用时：ExecutionTime = 1085.86 s  ClockTime = 1086 s

===== [09:10:31] 生成 M2_roundbottom  U=0.1 → /home/lxtuni/run/hull_M2_roundbottom_U01 =====
        Surface is closed. All edges connected to two faces.
    [0;32m    OK  blockMesh 通过：背景网格 18480 个单元[0m

===== [09:10:33] 跑 /home/lxtuni/run/hull_M2_roundbottom_U01（网格 ~10 min，求解 1500 步 LTS ~20 min） =====
    网格：Snapped mesh : cells:228878  faces:729122  points:273363
    ----------------------------------------------------
      总阻力 (Gesamtwiderstand)                   -0.003 N
    ====================================================
    
    收敛诊断（尾段窗口）：峰峰值 11.5%，前后半段均值漂移 -0.5%
      → 均值稳定但在振荡（钝头体尾流脱涡的典型表现）。取窗口平均值即可，
        想更准就把 endTime 延长、让窗口覆盖更多个振荡周期。
    
    提示：DTCHull 是沿中纵剖面切开的半船模型。要整船阻力加 --full-ship。
    
    收敛曲线已存: /home/lxtuni/run/hull_M2_roundbottom_U01/resistance.png
    看图：  explorer.exe .   然后双击 resistance.png
    用时：ExecutionTime = 1050.63 s  ClockTime = 1051 s

===== [09:29:30] 生成 M3_streamlined  U=0.1 → /home/lxtuni/run/hull_M3_streamlined_U01 =====
        Surface is closed. All edges connected to two faces.
    [0;32m    OK  blockMesh 通过：背景网格 18480 个单元[0m

===== [09:29:33] 跑 /home/lxtuni/run/hull_M3_streamlined_U01（网格 ~10 min，求解 1500 步 LTS ~20 min） =====
    网格：Snapped mesh : cells:232082  faces:738259  points:276507
    ----------------------------------------------------
      总阻力 (Gesamtwiderstand)                   -0.003 N
    ====================================================
    
    收敛诊断（尾段窗口）：峰峰值 15.7%，前后半段均值漂移 -1.6%
      → 均值稳定但在振荡（钝头体尾流脱涡的典型表现）。取窗口平均值即可，
        想更准就把 endTime 延长、让窗口覆盖更多个振荡周期。
    
    提示：DTCHull 是沿中纵剖面切开的半船模型。要整船阻力加 --full-ship。
    
    收敛曲线已存: /home/lxtuni/run/hull_M3_streamlined_U01/resistance.png
    看图：  explorer.exe .   然后双击 resistance.png
    用时：ExecutionTime = 928.18 s  ClockTime = 929 s

===== [09:46:27] 汇总三个船体的阻力 → /mnt/c/Users/L/Desktop/openfoam/robot_real/hull_study/results/ =====
[hull_M1_current_U01       ] 阻力    3.3 mN（压差   1.7 / 摩擦  1.6）  浮力 3.78 N ≈ 385 g  尾段峰峰 16.9% 漂移 -0.9%  步数 1500
[hull_M1_current_U02       ] 阻力   10.8 mN（压差   6.2 / 摩擦  4.7）  浮力 3.73 N ≈ 380 g  尾段峰峰 17.2% 漂移 -11.0%  步数 1500
[hull_M2_roundbottom_U01   ] 阻力    2.6 mN（压差   1.2 / 摩擦  1.3）  浮力 3.36 N ≈ 343 g  尾段峰峰 11.5% 漂移 +0.5%  步数 1500
[hull_M2_roundbottom_U02   ] 阻力    9.6 mN（压差   5.4 / 摩擦  4.3）  浮力 3.32 N ≈ 338 g  尾段峰峰 16.2% 漂移 +0.6%  步数 1500
[hull_M3_streamlined_U01   ] 阻力    2.7 mN（压差   1.4 / 摩擦  1.3）  浮力 3.76 N ≈ 383 g  尾段峰峰 15.7% 漂移 +1.6%  步数 1500
[hull_M3_streamlined_U02   ] 阻力    7.9 mN（压差   3.6 / 摩擦  4.3）  浮力 3.72 N ≈ 379 g  尾段峰峰 27.6% 漂移 -21.1%  步数 1500
# 船体形状比选：裸船体阻力（interFoam LTS，水线 z = −10 mm，尾段 20 % 平均）


## U = 0.1 m/s

| 船体 | 总阻力 [mN] | 压差 [mN] | 摩擦 [mN] | 相对 M1 | C_D(迎流面) | C_T(湿表面) | 排水量 CFD [g] | 有效功率 [mW] | 尾段峰峰 / 漂移 |
|---|---|---|---|---|---|---|---|---|---|
| M1 现船体（平底） | **3.3** | 1.7 | 1.6 | +0.0 % | 0.285 | 0.0267 | 385 | 0.3 | 16.9 % / -0.9 % |
| M2 圆滑底 | **2.6** | 1.2 | 1.3 | -21.5 % | 0.267 | 0.0224 | 343 | 0.3 | 11.5 % / +0.5 % |
| M3 流线型圆舭 | **2.7** | 1.4 | 1.3 | -16.9 % | 0.207 | 0.0231 | 383 | 0.3 | 15.7 % / +1.6 % |

## U = 0.2 m/s

| 船体 | 总阻力 [mN] | 压差 [mN] | 摩擦 [mN] | 相对 M1 | C_D(迎流面) | C_T(湿表面) | 排水量 CFD [g] | 有效功率 [mW] | 尾段峰峰 / 漂移 |
|---|---|---|---|---|---|---|---|---|---|
| M1 现船体（平底） | **10.8** | 6.2 | 4.7 | +0.0 % | 0.235 | 0.0220 | 380 | 2.2 | 17.2 % / -11.0 % |
| M2 圆滑底 | **9.6** | 5.4 | 4.3 | -11.2 % | 0.248 | 0.0209 | 338 | 1.9 | 16.2 % / +0.6 % |
| M3 流线型圆舭 | **7.9** | 3.6 | 4.3 | -27.1 % | 0.149 | 0.0167 | 379 | 1.6 | 27.6 % / -21.1 % |

## 静水力学（同水线）

| 船体 | 排水量 [g] | 湿表面 [cm²] | 水线 L×B [mm] | 吃水 [mm] | 最大剖面 [cm²] | C_B | C_P | BM [mm] |
|---|---|---|---|---|---|---|---|---|
| M1 现船体（平底） | 385 | 247 | 232 × 99 | 25 | 23.1 | 0.67 | 0.72 | 29 |
| M2 圆滑底 | 344 | 231 | 233 × 99 | 25 | 19.4 | 0.60 | 0.76 | 33 |
| M3 流线型圆舭 | 385 | 237 | 233 × 99 | 35 | 26.5 | 0.48 | 0.62 | 29 |
→ /mnt/c/Users/L/Desktop/openfoam/robot_real/hull_study/results

===== [09:46:35] 全部完成：结果在 /mnt/c/Users/L/Desktop/openfoam/robot_real/hull_study/results/（hull_resistance.md 表、fig_hull_resistance.png、fig_hull_convergence.png、各算例 force_*.dat） =====
