
===== [09-05 18:37:26] 开始：方案 V1 V2 V3 × open closed   U=0  周期数 3  8 核 =====
--- V1: T=0.89 DUTY=0.49 SWEEP=60 PSI_START=135 SWITCH_FRAC=0.5
    划水相（张开扇）与船体最小间隙  13.6 mm  @ τ=0.49, ψ=75°
    回收相（收拢桨）与船体最小间隙  18.0 mm  @ τ=0.84, ψ=121°
    结论：真机不碰船（>5 mm）；整机 overset 算例需 ≥10–14 mm，张开扇内侧会被自动裁掉
--- V2: T=1.25 DUTY=0.35 SWEEP=60 PSI_START=136 SWITCH_FRAC=0.5
    划水相（张开扇）与船体最小间隙  14.5 mm  @ τ=0.35, ψ=76°
    回收相（收拢桨）与船体最小间隙  18.0 mm  @ τ=0.79, ψ=122°
    结论：真机不碰船（>5 mm）
--- V3: T=0.81 DUTY=0.45 SWEEP=50 PSI_START=120 SWITCH_FRAC=0.5
    划水相（张开扇）与船体最小间隙   9.0 mm  @ τ=0.45, ψ=70°
    回收相（收拢桨）与船体最小间隙  18.0 mm  @ τ=0.59, ψ=78°
    结论：真机不碰船（>5 mm）；整机 overset 算例需 ≥10–14 mm，张开扇内侧会被自动裁掉

===== [09-05 18:41:09] 生成 V1/open → /home/lxtuni/run/leg_V1_open   (T=0.89 DUTY=0.49 SWEEP=60 PSI_START=135 SWITCH_FRAC=0.5) =====
    算例：/home/lxtuni/run/leg_V1_open   脚蹼 open   U = 0.0 m/s   3.0 个周期 (T = 0.89 s) → endTime 2.670 s
    部件网格盒 50×39×15 = 29250 单元（2.50 mm，表面再细化 1 级）
    背景域 x[-0.385,0.385] y[-0.284,0.284] z[-0.376,0.182]  blockMesh 48×36×35，加密到 4.0 mm
    桨尖最大速度 0.40 m/s → 初始 Δt = 0.0013 s，maxCo 0.8；每周期写 20 帧

===== [09-05 18:41:09] 跑 /home/lxtuni/run/leg_V1_open（网格 + 求解，看 bash progress.sh /home/lxtuni/run/leg_V1_open） =====
    用时：ExecutionTime = 9594.56 s  ClockTime = 9595 s   步数：5152
V1/force_open.dat  ← 5152 行，t = 0.0015 … 2.6700 s
V1/moment_open.dat  ← 5152 行，t = 0.0015 … 2.6700 s
   5152 步，用时 2.67 h

===== [09-05 21:21:48] 生成 V1/closed → /home/lxtuni/run/leg_V1_closed   (T=0.89 DUTY=0.49 SWEEP=60 PSI_START=135 SWITCH_FRAC=0.5) =====
    算例：/home/lxtuni/run/leg_V1_closed   脚蹼 closed   U = 0.0 m/s   3.0 个周期 (T = 0.89 s) → endTime 2.670 s
    部件网格盒 50×22×15 = 16500 单元（2.50 mm，表面再细化 1 级）
    背景域 x[-0.385,0.385] y[-0.263,0.263] z[-0.376,0.182]  blockMesh 48×33×35，加密到 4.0 mm
    桨尖最大速度 0.40 m/s → 初始 Δt = 0.0013 s，maxCo 0.8；每周期写 20 帧

===== [09-05 21:21:49] 跑 /home/lxtuni/run/leg_V1_closed（网格 + 求解，看 bash progress.sh /home/lxtuni/run/leg_V1_closed） =====
    用时：ExecutionTime = 5437.9 s  ClockTime = 5438 s   步数：4211
V1/force_closed.dat  ← 4211 行，t = 0.0015 … 2.6700 s
V1/moment_closed.dat  ← 4211 行，t = 0.0015 … 2.6700 s
   4211 步，用时 1.51 h

===== [09-05 22:53:02] V1 两态收集完毕，更新汇总 =====
[current] composite  第 3 周期  F̄x 23.4 mN  F̄z 14.1  |My|峰 8.1 mN·m  P̄ 6.7 mW  相位 [29.4, -7.7, -0.4, 2.1]
[V1] composite  第 3 周期  F̄x 51.2 mN  F̄z 26.8  |My|峰 20.5 mN·m  P̄ 18.0 mW  相位 [64.5, -16.6, 0.0, 3.3]
| 方案 | 步态 | 状态 | CFD F̄_x [mN] | 模型 F̄_x | 偏差 | CFD F̄_z | 模型 F̄_z | |M_y| 峰 [mN·m] | 模型 |M| | P̄ [mW] | 划水相 / 回收相贡献 [mN] | F̄_x 相对现步态 |
|---|---|---|---|---|---|---|---|---|---|---|---|---|
| current | 现步态（T 1.25, 60°, 136→76°, DUTY 0.5, 快蜷缩） | composite，第 3 周期 | **23.4** | 21.0 | +12 % | 14.1 | 12.1 | 8.1 | 9.0 | 6.7 | +29.4 / -6.0 | — |
| V1 | V1 前沿点（T 0.89, 60°, 135→75°, DUTY 0.49, 慢蜷缩 0.45 s） | composite，第 3 周期 | **51.2** | 47.7 | +7 % | 26.8 | 23.3 | 20.5 | 18.5 | 18.0 | +64.5 / -13.4 | +118 % |

===== [09-05 22:53:07] 生成 V2/open → /home/lxtuni/run/leg_V2_open   (T=1.25 DUTY=0.35 SWEEP=60 PSI_START=136 SWITCH_FRAC=0.5) =====
    算例：/home/lxtuni/run/leg_V2_open   脚蹼 open   U = 0.0 m/s   3.0 个周期 (T = 1.25 s) → endTime 3.750 s
    部件网格盒 50×39×15 = 29250 单元（2.50 mm，表面再细化 1 级）
    背景域 x[-0.383,0.387] y[-0.284,0.284] z[-0.376,0.181]  blockMesh 48×36×35，加密到 4.0 mm
    桨尖最大速度 0.36 m/s → 初始 Δt = 0.0014 s，maxCo 0.8；每周期写 20 帧

===== [09-05 22:53:08] 跑 /home/lxtuni/run/leg_V2_open（网格 + 求解，看 bash progress.sh /home/lxtuni/run/leg_V2_open） =====
    用时：ExecutionTime = 9431.38 s  ClockTime = 9432 s   步数：5162
V2/force_open.dat  ← 5162 行，t = 0.0017 … 3.7500 s
V2/moment_open.dat  ← 5162 行，t = 0.0017 … 3.7500 s
   5162 步，用时 2.62 h

===== [09-06 01:31:04] 生成 V2/closed → /home/lxtuni/run/leg_V2_closed   (T=1.25 DUTY=0.35 SWEEP=60 PSI_START=136 SWITCH_FRAC=0.5) =====
    算例：/home/lxtuni/run/leg_V2_closed   脚蹼 closed   U = 0.0 m/s   3.0 个周期 (T = 1.25 s) → endTime 3.750 s
    部件网格盒 50×22×15 = 16500 单元（2.50 mm，表面再细化 1 级）
    背景域 x[-0.383,0.387] y[-0.263,0.263] z[-0.376,0.181]  blockMesh 48×33×35，加密到 4.0 mm
    桨尖最大速度 0.36 m/s → 初始 Δt = 0.0014 s，maxCo 0.8；每周期写 20 帧

===== [09-06 01:31:05] 跑 /home/lxtuni/run/leg_V2_closed（网格 + 求解，看 bash progress.sh /home/lxtuni/run/leg_V2_closed） =====
    用时：ExecutionTime = 5377.84 s  ClockTime = 5378 s   步数：4237
V2/force_closed.dat  ← 4237 行，t = 0.0017 … 3.7500 s
V2/moment_closed.dat  ← 4237 行，t = 0.0017 … 3.7500 s
   4237 步，用时 1.49 h

===== [09-06 03:01:19] V2 两态收集完毕，更新汇总 =====
[current] composite  第 3 周期  F̄x 23.4 mN  F̄z 14.1  |My|峰 8.1 mN·m  P̄ 6.7 mW  相位 [29.4, -7.7, -0.4, 2.1]
[V1] composite  第 3 周期  F̄x 51.2 mN  F̄z 26.8  |My|峰 20.5 mN·m  P̄ 18.0 mW  相位 [64.5, -16.6, 0.0, 3.3]
[V2] composite  第 3 周期  F̄x 34.2 mN  F̄z 16.8  |My|峰 16.6 mN·m  P̄ 9.9 mW  相位 [40.4, -7.4, 0.0, 1.3]
| 方案 | 步态 | 状态 | CFD F̄_x [mN] | 模型 F̄_x | 偏差 | CFD F̄_z | 模型 F̄_z | |M_y| 峰 [mN·m] | 模型 |M| | P̄ [mW] | 划水相 / 回收相贡献 [mN] | F̄_x 相对现步态 |
|---|---|---|---|---|---|---|---|---|---|---|---|---|
| current | 现步态（T 1.25, 60°, 136→76°, DUTY 0.5, 快蜷缩） | composite，第 3 周期 | **23.4** | 21.0 | +12 % | 14.1 | 12.1 | 8.1 | 9.0 | 6.7 | +29.4 / -6.0 | — |
| V1 | V1 前沿点（T 0.89, 60°, 135→75°, DUTY 0.49, 慢蜷缩 0.45 s） | composite，第 3 周期 | **51.2** | 47.7 | +7 % | 26.8 | 23.3 | 20.5 | 18.5 | 18.0 | +64.5 / -13.4 | +118 % |
| V2 | V2 狗式占空比（T 1.25, 60°, 136→76°, DUTY 0.35, 慢蜷缩 0.81 s） | composite，第 3 周期 | **34.2** | 36.5 | -6 % | 16.8 | 16.7 | 16.6 | 18.5 | 9.9 | +40.4 / -6.2 | +46 % |

===== [09-06 03:01:24] 生成 V3/open → /home/lxtuni/run/leg_V3_open   (T=0.81 DUTY=0.45 SWEEP=50 PSI_START=120 SWITCH_FRAC=0.5) =====
    算例：/home/lxtuni/run/leg_V3_open   脚蹼 open   U = 0.0 m/s   3.0 个周期 (T = 0.81 s) → endTime 2.430 s
    部件网格盒 50×39×15 = 29250 单元（2.50 mm，表面再细化 1 级）
    背景域 x[-0.392,0.361] y[-0.284,0.284] z[-0.376,0.184]  blockMesh 47×36×35，加密到 4.0 mm
    桨尖最大速度 0.38 m/s → 初始 Δt = 0.0013 s，maxCo 0.8；每周期写 20 帧

===== [09-06 03:01:24] 跑 /home/lxtuni/run/leg_V3_open（网格 + 求解，看 bash progress.sh /home/lxtuni/run/leg_V3_open） =====
    用时：ExecutionTime = 8158.49 s  ClockTime = 8159 s   步数：4697
V3/force_open.dat  ← 4697 行，t = 0.0016 … 2.4300 s
V3/moment_open.dat  ← 4697 行，t = 0.0016 … 2.4300 s
   4697 步，用时 2.27 h

===== [09-06 05:18:13] 生成 V3/closed → /home/lxtuni/run/leg_V3_closed   (T=0.81 DUTY=0.45 SWEEP=50 PSI_START=120 SWITCH_FRAC=0.5) =====
    算例：/home/lxtuni/run/leg_V3_closed   脚蹼 closed   U = 0.0 m/s   3.0 个周期 (T = 0.81 s) → endTime 2.430 s
    部件网格盒 50×22×15 = 16500 单元（2.50 mm，表面再细化 1 级）
    背景域 x[-0.392,0.361] y[-0.263,0.263] z[-0.376,0.184]  blockMesh 47×33×35，加密到 4.0 mm
    桨尖最大速度 0.38 m/s → 初始 Δt = 0.0013 s，maxCo 0.8；每周期写 20 帧

===== [09-06 05:18:14] 跑 /home/lxtuni/run/leg_V3_closed（网格 + 求解，看 bash progress.sh /home/lxtuni/run/leg_V3_closed） =====
    用时：ExecutionTime = 4395.58 s  ClockTime = 4395 s   步数：3765
V3/force_closed.dat  ← 3765 行，t = 0.0016 … 2.4300 s
V3/moment_closed.dat  ← 3765 行，t = 0.0016 … 2.4300 s
   3765 步，用时 1.22 h

===== [09-06 06:32:14] V3 两态收集完毕，更新汇总 =====
[current] composite  第 3 周期  F̄x 23.4 mN  F̄z 14.1  |My|峰 8.1 mN·m  P̄ 6.7 mW  相位 [29.4, -7.7, -0.4, 2.1]
[V1] composite  第 3 周期  F̄x 51.2 mN  F̄z 26.8  |My|峰 20.5 mN·m  P̄ 18.0 mW  相位 [64.5, -16.6, 0.0, 3.3]
[V2] composite  第 3 周期  F̄x 34.2 mN  F̄z 16.8  |My|峰 16.6 mN·m  P̄ 9.9 mW  相位 [40.4, -7.4, 0.0, 1.3]
[V3] composite  第 3 周期  F̄x 49.3 mN  F̄z 13.7  |My|峰 19.3 mN·m  P̄ 16.2 mW  相位 [60.0, -16.0, 0.0, 5.4]
| 方案 | 步态 | 状态 | CFD F̄_x [mN] | 模型 F̄_x | 偏差 | CFD F̄_z | 模型 F̄_z | |M_y| 峰 [mN·m] | 模型 |M| | P̄ [mW] | 划水相 / 回收相贡献 [mN] | F̄_x 相对现步态 |
|---|---|---|---|---|---|---|---|---|---|---|---|---|
| current | 现步态（T 1.25, 60°, 136→76°, DUTY 0.5, 快蜷缩） | composite，第 3 周期 | **23.4** | 21.0 | +12 % | 14.1 | 12.1 | 8.1 | 9.0 | 6.7 | +29.4 / -6.0 | — |
| V1 | V1 前沿点（T 0.89, 60°, 135→75°, DUTY 0.49, 慢蜷缩 0.45 s） | composite，第 3 周期 | **51.2** | 47.7 | +7 % | 26.8 | 23.3 | 20.5 | 18.5 | 18.0 | +64.5 / -13.4 | +118 % |
| V2 | V2 狗式占空比（T 1.25, 60°, 136→76°, DUTY 0.35, 慢蜷缩 0.81 s） | composite，第 3 周期 | **34.2** | 36.5 | -6 % | 16.8 | 16.7 | 16.6 | 18.5 | 9.9 | +40.4 / -6.2 | +46 % |
| V3 | V3 低中心角（T 0.81, 50°, 120→70°, DUTY 0.45, 慢蜷缩 0.45 s） | composite，第 3 周期 | **49.3** | 42.6 | +16 % | 13.7 | 13.0 | 19.3 | 17.9 | 16.2 | +60.0 / -10.7 | +110 % |

===== [09-06 06:32:20] 全部完成：results_verify/verify_summary.md、fig_verify.png（含现步态基准） =====
